{
  "check000": " -  1/6 trK N",
  "check001": "-2N ABar_{i j}"
}
