{
  "check000": "A_{a} v^{a} + B_{a} w^{a} + C_{a} v^{a}",
  "check001": "5V_{p q}"
}
