{
  "check000": "h^{a}_{e} h^{b}_{p} h^{c}_{q} h^{d}_{r} R^{e}_{b c d} + K_{q}^{a} K_{p r}-K_{r}^{a} K_{p q}",
  "check001": "h^{a}_{e} h^{b}_{p} h^{c}_{q} h^{d}_{r} R^{e}_{b c d} + K_{q}^{a} K_{p r}-K_{r}^{a} K_{p q}"
}
