{
  "check000": "z^{h} z^{i} ( 1/3 g^{a b} x^{c} (R_{h b i c} + R_{h c i b}) +  1/12 g^{a b} x^{c} x^{d} (2\\nabla_{c}(R_{h b i d}) + \\nabla_{b}(R_{h c i d})-\\nabla_{i}(R_{h c b d}) + 2\\nabla_{c}(R_{h d i b})-\\nabla_{h}(R_{i c b d})) +  1/40 g^{a b} x^{c} x^{d} x^{e} (2\\nabla_{c d}(R_{h b i e}) + \\nabla_{b c}(R_{h d i e}) + \\nabla_{c b}(R_{h d i e})-\\nabla_{i c}(R_{h d b e})-\\nabla_{c i}(R_{h d b e}) + 2\\nabla_{c d}(R_{h e i b})-\\nabla_{h c}(R_{i d b e})-\\nabla_{c h}(R_{i d b e})) +  1/45 g^{a b} g^{c d} x^{e} x^{f} x^{g} (-2R_{h b c e} R_{i f d g} + 4R_{h c i e} R_{b f d g}-R_{h c b e} R_{i f d g} + 4R_{h e i c} R_{b f d g} + R_{h e b c} R_{i f d g}-2R_{h e c f} R_{i b d g}-R_{h e c f} R_{i d b g} + R_{h e c f} R_{i g b d}))",
  "check001": " 2/3 g^{a b} x^{c} z^{d} z^{e} R_{b d c e} +  1/12 g^{a b} x^{c} x^{d} z^{e} z^{f} (4\\nabla_{c}(R_{b e d f}) + 2\\nabla_{e}(R_{b c d f}) + \\nabla_{b}(R_{c e d f})) +  1/40 g^{a b} x^{c} x^{d} x^{e} z^{f} z^{g} (4\\nabla_{c d}(R_{b f e g}) + 2\\nabla_{c f}(R_{b d e g}) + 2\\nabla_{f c}(R_{b d e g}) + \\nabla_{b c}(R_{d f e g}) + \\nabla_{c b}(R_{d f e g})) +  2/45 g^{a b} g^{c d} x^{e} x^{f} x^{g} z^{h} z^{i} (-2R_{b h c e} R_{d f g i}-R_{b e c h} R_{d f g i} + 4R_{b e c f} R_{d h g i} + R_{b c e h} R_{d f g i})",
  "check002": " 2/3 x^{b} z^{c} z^{d} R_{a c b d} +  1/6 x^{b} x^{c} z^{d} z^{e} \\nabla_{d}(R_{a b c e}) +  1/3 x^{b} x^{c} z^{d} z^{e} \\nabla_{b}(R_{a d c e}) +  1/12 x^{b} x^{c} z^{d} z^{e} \\nabla_{a}(R_{b d c e}) +  1/20 x^{b} x^{c} x^{d} z^{e} z^{f} \\nabla_{b e}(R_{a c d f}) +  1/20 x^{b} x^{c} x^{d} z^{e} z^{f} \\nabla_{e b}(R_{a c d f}) +  1/10 x^{b} x^{c} x^{d} z^{e} z^{f} \\nabla_{b c}(R_{a e d f}) +  1/40 x^{b} x^{c} x^{d} z^{e} z^{f} \\nabla_{a b}(R_{c e d f}) +  1/40 x^{b} x^{c} x^{d} z^{e} z^{f} \\nabla_{b a}(R_{c e d f}) +  2/45 g^{b c} x^{d} x^{e} x^{f} z^{g} z^{h} R_{a b d g} R_{c e f h} +  8/45 g^{b c} x^{d} x^{e} x^{f} z^{g} z^{h} R_{a d b e} R_{c g f h} -  2/45 g^{b c} x^{d} x^{e} x^{f} z^{g} z^{h} R_{a d b g} R_{c e f h} -  4/45 g^{b c} x^{d} x^{e} x^{f} z^{g} z^{h} R_{a g b d} R_{c e f h}",
  "check003": " 2/3 x^{b} z^{c} z^{d} R_{a c b d} +  1/12 x^{b} x^{c} z^{d} z^{e} (2\\nabla_{d}(R_{a b c e}) + 4\\nabla_{b}(R_{a d c e}) + \\nabla_{a}(R_{b d c e})) +  1/40 x^{b} x^{c} x^{d} z^{e} z^{f} (2\\nabla_{b e}(R_{a c d f}) + 2\\nabla_{e b}(R_{a c d f}) + 4\\nabla_{b c}(R_{a e d f}) + \\nabla_{a b}(R_{c e d f}) + \\nabla_{b a}(R_{c e d f})) +  2/45 g^{b c} x^{d} x^{e} x^{f} z^{g} z^{h} (R_{a b d g} R_{c e f h} + 4R_{a d b e} R_{c g f h}-R_{a d b g} R_{c e f h}-2R_{a g b d} R_{c e f h})",
  "check004": " -  2/3 x^{b} z^{c} z^{d} R_{a d c b} -  1/12 x^{b} x^{c} z^{d} z^{e} \\nabla_{e}(R_{a c d b}) -  5/12 x^{b} x^{c} z^{d} z^{e} \\nabla_{c}(R_{a e d b}) -  1/40 x^{b} x^{c} x^{d} z^{e} z^{f} \\nabla_{f c}(R_{a d e b}) -  1/40 x^{b} x^{c} x^{d} z^{e} z^{f} \\nabla_{c f}(R_{a d e b}) -  3/20 x^{b} x^{c} x^{d} z^{e} z^{f} \\nabla_{c d}(R_{a f e b}) -  37/360 x^{b} x^{c} x^{d} z^{e} z^{f} R_{a d g b} g^{g h} R_{h e f c} +  2/15 x^{b} x^{c} x^{d} z^{e} z^{f} R_{a g e b} g^{g h} R_{h c f d} +  7/120 x^{b} x^{c} x^{d} z^{e} z^{f} R_{a d g e} g^{g h} R_{h b f c}",
  "check005": " 2/3 x^{b} z^{c} z^{d} R_{a c b d} +  1/12 x^{b} x^{c} z^{d} z^{e} (\\nabla_{d}(R_{a b c e}) + 5\\nabla_{b}(R_{a d c e})) +  1/40 x^{b} x^{c} x^{d} z^{e} z^{f} (\\nabla_{b e}(R_{a c d f}) + \\nabla_{e b}(R_{a c d f}) + 6\\nabla_{b c}(R_{a e d f})) +  1/360 g^{b c} x^{d} x^{e} x^{f} z^{g} z^{h} (37R_{a d b e} R_{c g f h}-21R_{a d b g} R_{c e f h} + 48R_{a b d g} R_{c e f h})"
}
