{
  "check000": "1 -  1/3 x^{a} x^{b} R_{a b} -  1/6 x^{a} x^{b} x^{c} \\nabla_{a}(R_{b c}) +  1/180 x^{a} x^{b} x^{c} x^{d} (-9\\nabla_{a b}(R_{c d}) + 10R_{a b} R_{c d}-2g^{e f} g^{g h} R_{a e b g} R_{c f d h})",
  "check001": "1 -  1/6 x^{a} x^{b} R_{a b} -  1/12 x^{a} x^{b} x^{c} \\nabla_{a}(R_{b c}) +  1/360 x^{a} x^{b} x^{c} x^{d} (-9\\nabla_{a b}(R_{c d}) + 5R_{a b} R_{c d}-2g^{e f} g^{g h} R_{a e b g} R_{c f d h})",
  "check002": " -  1/3 x^{a} x^{b} R_{a b} -  1/6 x^{a} x^{b} x^{c} \\nabla_{a}(R_{b c}) +  1/180 x^{a} x^{b} x^{c} x^{d} (-9\\nabla_{a b}(R_{c d})-2g^{e f} g^{g h} R_{a e b g} R_{c f d h})"
}
