{
  "json000": "(r)**2 (\\sin(\\theta))**2",
  "json001": "{\\varphi, \\varphi}",
  "json002": "(r)**2 (\\sin(\\theta))**2"
}
