{
  "json000": " 1/2 \\partial_{b c}(g_{a d}) -  1/2 \\partial_{a c}(g_{b d}) -  1/2 \\partial_{b d}(g_{a c}) +  1/2 \\partial_{a d}(g_{b c}) +  1/4 \\partial_{a}(g_{d e}) \\partial_{b}(g_{c f}) g^{e f} +  1/4 \\partial_{a}(g_{d e}) \\partial_{c}(g_{b f}) g^{e f} -  1/4 \\partial_{a}(g_{d e}) \\partial_{f}(g_{b c}) g^{e f} +  1/4 \\partial_{b}(g_{c e}) \\partial_{d}(g_{a f}) g^{e f} +  1/4 \\partial_{c}(g_{b e}) \\partial_{d}(g_{a f}) g^{e f} -  1/4 \\partial_{d}(g_{a e}) \\partial_{f}(g_{b c}) g^{e f} -  1/4 \\partial_{b}(g_{c e}) \\partial_{f}(g_{a d}) g^{e f} -  1/4 \\partial_{c}(g_{b e}) \\partial_{f}(g_{a d}) g^{e f} +  1/4 \\partial_{e}(g_{a d}) \\partial_{f}(g_{b c}) g^{e f} -  1/4 \\partial_{a}(g_{c e}) \\partial_{b}(g_{d f}) g^{e f} -  1/4 \\partial_{a}(g_{c e}) \\partial_{d}(g_{b f}) g^{e f} +  1/4 \\partial_{a}(g_{c e}) \\partial_{f}(g_{b d}) g^{e f} -  1/4 \\partial_{b}(g_{d e}) \\partial_{c}(g_{a f}) g^{e f} -  1/4 \\partial_{c}(g_{a e}) \\partial_{d}(g_{b f}) g^{e f} +  1/4 \\partial_{c}(g_{a e}) \\partial_{f}(g_{b d}) g^{e f} +  1/4 \\partial_{b}(g_{d e}) \\partial_{f}(g_{a c}) g^{e f} +  1/4 \\partial_{d}(g_{b e}) \\partial_{f}(g_{a c}) g^{e f} -  1/4 \\partial_{e}(g_{a c}) \\partial_{f}(g_{b d}) g^{e f} -  1/4 \\partial_{c e}(g_{a f}) g_{b d} g^{e f} +  1/4 \\partial_{a c}(g_{e f}) g_{b d} g^{e f} +  1/4 \\partial_{e f}(g_{a c}) g_{b d} g^{e f} -  1/4 \\partial_{a e}(g_{c f}) g_{b d} g^{e f} -  1/8 \\partial_{a}(g_{e f}) \\partial_{c}(g_{g h}) g_{b d} g^{e g} g^{f h} -  1/4 \\partial_{e}(g_{a f}) \\partial_{g}(g_{c h}) g_{b d} g^{e g} g^{f h} +  1/4 \\partial_{e}(g_{a f}) \\partial_{g}(g_{c h}) g_{b d} g^{e h} g^{f g} +  1/4 \\partial_{a}(g_{c e}) \\partial_{f}(g_{g h}) g_{b d} g^{e g} g^{f h} -  1/8 \\partial_{a}(g_{c e}) \\partial_{f}(g_{g h}) g_{b d} g^{e f} g^{g h} +  1/4 \\partial_{c}(g_{a e}) \\partial_{f}(g_{g h}) g_{b d} g^{e g} g^{f h} -  1/8 \\partial_{c}(g_{a e}) \\partial_{f}(g_{g h}) g_{b d} g^{e f} g^{g h} -  1/4 \\partial_{e}(g_{a c}) \\partial_{f}(g_{g h}) g_{b d} g^{e g} g^{f h} +  1/8 \\partial_{e}(g_{a c}) \\partial_{f}(g_{g h}) g_{b d} g^{e f} g^{g h} +  1/4 \\partial_{d e}(g_{a f}) g_{b c} g^{e f} -  1/4 \\partial_{a d}(g_{e f}) g_{b c} g^{e f} -  1/4 \\partial_{e f}(g_{a d}) g_{b c} g^{e f} +  1/4 \\partial_{a e}(g_{d f}) g_{b c} g^{e f} +  1/8 \\partial_{a}(g_{e f}) \\partial_{d}(g_{g h}) g_{b c} g^{e g} g^{f h} +  1/4 \\partial_{e}(g_{a f}) \\partial_{g}(g_{d h}) g_{b c} g^{e g} g^{f h} -  1/4 \\partial_{e}(g_{a f}) \\partial_{g}(g_{d h}) g_{b c} g^{e h} g^{f g} -  1/4 \\partial_{a}(g_{d e}) \\partial_{f}(g_{g h}) g_{b c} g^{e g} g^{f h} +  1/8 \\partial_{a}(g_{d e}) \\partial_{f}(g_{g h}) g_{b c} g^{e f} g^{g h} -  1/4 \\partial_{d}(g_{a e}) \\partial_{f}(g_{g h}) g_{b c} g^{e g} g^{f h} +  1/8 \\partial_{d}(g_{a e}) \\partial_{f}(g_{g h}) g_{b c} g^{e f} g^{g h} +  1/4 \\partial_{e}(g_{a d}) \\partial_{f}(g_{g h}) g_{b c} g^{e g} g^{f h} -  1/8 \\partial_{e}(g_{a d}) \\partial_{f}(g_{g h}) g_{b c} g^{e f} g^{g h} -  1/4 \\partial_{d e}(g_{b f}) g_{a c} g^{e f} +  1/4 \\partial_{b d}(g_{e f}) g_{a c} g^{e f} +  1/4 \\partial_{e f}(g_{b d}) g_{a c} g^{e f} -  1/4 \\partial_{b e}(g_{d f}) g_{a c} g^{e f} -  1/8 \\partial_{b}(g_{e f}) \\partial_{d}(g_{g h}) g_{a c} g^{e g} g^{f h} -  1/4 \\partial_{e}(g_{b f}) \\partial_{g}(g_{d h}) g_{a c} g^{e g} g^{f h} +  1/4 \\partial_{e}(g_{b f}) \\partial_{g}(g_{d h}) g_{a c} g^{e h} g^{f g} +  1/4 \\partial_{b}(g_{d e}) \\partial_{f}(g_{g h}) g_{a c} g^{e g} g^{f h} -  1/8 \\partial_{b}(g_{d e}) \\partial_{f}(g_{g h}) g_{a c} g^{e f} g^{g h} +  1/4 \\partial_{d}(g_{b e}) \\partial_{f}(g_{g h}) g_{a c} g^{e g} g^{f h} -  1/8 \\partial_{d}(g_{b e}) \\partial_{f}(g_{g h}) g_{a c} g^{e f} g^{g h} -  1/4 \\partial_{e}(g_{b d}) \\partial_{f}(g_{g h}) g_{a c} g^{e g} g^{f h} +  1/8 \\partial_{e}(g_{b d}) \\partial_{f}(g_{g h}) g_{a c} g^{e f} g^{g h} +  1/4 \\partial_{c e}(g_{b f}) g_{a d} g^{e f} -  1/4 \\partial_{b c}(g_{e f}) g_{a d} g^{e f} -  1/4 \\partial_{e f}(g_{b c}) g_{a d} g^{e f} +  1/4 \\partial_{b e}(g_{c f}) g_{a d} g^{e f} +  1/8 \\partial_{b}(g_{e f}) \\partial_{c}(g_{g h}) g_{a d} g^{e g} g^{f h} +  1/4 \\partial_{e}(g_{b f}) \\partial_{g}(g_{c h}) g_{a d} g^{e g} g^{f h} -  1/4 \\partial_{e}(g_{b f}) \\partial_{g}(g_{c h}) g_{a d} g^{e h} g^{f g} -  1/4 \\partial_{b}(g_{c e}) \\partial_{f}(g_{g h}) g_{a d} g^{e g} g^{f h} +  1/8 \\partial_{b}(g_{c e}) \\partial_{f}(g_{g h}) g_{a d} g^{e f} g^{g h} -  1/4 \\partial_{c}(g_{b e}) \\partial_{f}(g_{g h}) g_{a d} g^{e g} g^{f h} +  1/8 \\partial_{c}(g_{b e}) \\partial_{f}(g_{g h}) g_{a d} g^{e f} g^{g h} +  1/4 \\partial_{e}(g_{b c}) \\partial_{f}(g_{g h}) g_{a d} g^{e g} g^{f h} -  1/8 \\partial_{e}(g_{b c}) \\partial_{f}(g_{g h}) g_{a d} g^{e f} g^{g h} +  1/6 \\partial_{e f}(g_{g h}) g_{a c} g_{b d} g^{e g} g^{f h} -  1/6 \\partial_{e f}(g_{g h}) g_{a d} g_{b c} g^{e g} g^{f h} -  1/6 \\partial_{e f}(g_{g h}) g_{a c} g_{b d} g^{e f} g^{g h} +  1/6 \\partial_{e f}(g_{g h}) g_{a d} g_{b c} g^{e f} g^{g h} -  1/12 \\partial_{e}(g_{f g}) \\partial_{h}(g_{i j}) g_{a c} g_{b d} g^{e i} g^{f h} g^{g j} +  1/12 \\partial_{e}(g_{f g}) \\partial_{h}(g_{i j}) g_{a d} g_{b c} g^{e i} g^{f h} g^{g j} +  1/8 \\partial_{e}(g_{f g}) \\partial_{h}(g_{i j}) g_{a c} g_{b d} g^{e h} g^{f i} g^{g j} -  1/8 \\partial_{e}(g_{f g}) \\partial_{h}(g_{i j}) g_{a d} g_{b c} g^{e h} g^{f i} g^{g j} -  1/6 \\partial_{e}(g_{f g}) \\partial_{h}(g_{i j}) g_{a c} g_{b d} g^{e f} g^{g i} g^{h j} +  1/6 \\partial_{e}(g_{f g}) \\partial_{h}(g_{i j}) g_{a d} g_{b c} g^{e f} g^{g i} g^{h j} +  1/6 \\partial_{e}(g_{f g}) \\partial_{h}(g_{i j}) g_{a c} g_{b d} g^{e f} g^{g h} g^{i j} -  1/6 \\partial_{e}(g_{f g}) \\partial_{h}(g_{i j}) g_{a d} g_{b c} g^{e f} g^{g h} g^{i j} -  1/24 \\partial_{e}(g_{f g}) \\partial_{h}(g_{i j}) g_{a c} g_{b d} g^{e h} g^{f g} g^{i j} +  1/24 \\partial_{e}(g_{f g}) \\partial_{h}(g_{i j}) g_{a d} g_{b c} g^{e h} g^{f g} g^{i j}",
  "json001": " 1/2 \\partial_{b c}(\\phi) g_{a d} +  1/2 \\partial_{c}(\\phi) \\partial_{b}(g_{a d}) +  1/2 \\partial_{b}(\\phi) \\partial_{c}(g_{a d}) +  1/2 \\partial_{b c}(g_{a d}) \\phi -  1/2 \\partial_{a c}(\\phi) g_{b d} -  1/2 \\partial_{c}(\\phi) \\partial_{a}(g_{b d}) -  1/2 \\partial_{a}(\\phi) \\partial_{c}(g_{b d}) -  1/2 \\partial_{a c}(g_{b d}) \\phi -  1/2 \\partial_{b d}(\\phi) g_{a c} -  1/2 \\partial_{d}(\\phi) \\partial_{b}(g_{a c}) -  1/2 \\partial_{b}(\\phi) \\partial_{d}(g_{a c}) -  1/2 \\partial_{b d}(g_{a c}) \\phi +  1/2 \\partial_{a d}(\\phi) g_{b c} +  1/2 \\partial_{d}(\\phi) \\partial_{a}(g_{b c}) +  1/2 \\partial_{a}(\\phi) \\partial_{d}(g_{b c}) +  1/2 \\partial_{a d}(g_{b c}) \\phi +  1/4 \\partial_{a}(\\phi) \\partial_{b}(g_{c e}) g_{d f} g^{e f} +  1/4 \\partial_{b}(\\phi) \\partial_{a}(g_{d e}) g_{c f} g^{e f} +  1/4 \\partial_{a}(g_{d e}) \\partial_{b}(g_{c f}) \\phi g^{e f} +  1/4 \\partial_{a}(\\phi) \\partial_{c}(\\phi) (\\phi)**(-1) g_{b e} g_{d f} g^{e f} +  1/4 \\partial_{a}(\\phi) \\partial_{c}(g_{b e}) g_{d f} g^{e f} +  1/4 \\partial_{c}(\\phi) \\partial_{a}(g_{d e}) g_{b f} g^{e f} +  1/4 \\partial_{a}(g_{d e}) \\partial_{c}(g_{b f}) \\phi g^{e f} -  1/4 \\partial_{a}(\\phi) \\partial_{e}(\\phi) (\\phi)**(-1) g_{b c} g_{d f} g^{e f} -  1/4 \\partial_{a}(\\phi) \\partial_{e}(g_{b c}) g_{d f} g^{e f} -  1/4 \\partial_{a}(g_{d e}) \\partial_{f}(g_{b c}) \\phi g^{e f} +  1/4 \\partial_{b}(\\phi) \\partial_{d}(\\phi) (\\phi)**(-1) g_{a e} g_{c f} g^{e f} +  1/4 \\partial_{b}(\\phi) \\partial_{d}(g_{a e}) g_{c f} g^{e f} +  1/4 \\partial_{d}(\\phi) \\partial_{b}(g_{c e}) g_{a f} g^{e f} +  1/4 \\partial_{b}(g_{c e}) \\partial_{d}(g_{a f}) \\phi g^{e f} +  1/4 \\partial_{c}(\\phi) \\partial_{d}(g_{a e}) g_{b f} g^{e f} +  1/4 \\partial_{d}(\\phi) \\partial_{c}(g_{b e}) g_{a f} g^{e f} +  1/4 \\partial_{c}(g_{b e}) \\partial_{d}(g_{a f}) \\phi g^{e f} -  1/4 \\partial_{d}(\\phi) \\partial_{e}(\\phi) (\\phi)**(-1) g_{a f} g_{b c} g^{e f} -  1/4 \\partial_{d}(\\phi) \\partial_{e}(g_{b c}) g_{a f} g^{e f} -  1/4 \\partial_{d}(g_{a e}) \\partial_{f}(g_{b c}) \\phi g^{e f} -  1/4 \\partial_{b}(\\phi) \\partial_{e}(\\phi) (\\phi)**(-1) g_{a d} g_{c f} g^{e f} -  1/4 \\partial_{b}(\\phi) \\partial_{e}(g_{a d}) g_{c f} g^{e f} -  1/4 \\partial_{b}(g_{c e}) \\partial_{f}(g_{a d}) \\phi g^{e f} -  1/4 \\partial_{c}(\\phi) \\partial_{e}(\\phi) (\\phi)**(-1) g_{a d} g_{b f} g^{e f} -  1/4 \\partial_{c}(\\phi) \\partial_{e}(g_{a d}) g_{b f} g^{e f} -  1/4 \\partial_{c}(g_{b e}) \\partial_{f}(g_{a d}) \\phi g^{e f} +  1/4 \\partial_{e}(\\phi) \\partial_{f}(\\phi) (\\phi)**(-1) g_{a d} g_{b c} g^{e f} +  1/4 \\partial_{e}(g_{a d}) \\partial_{f}(g_{b c}) \\phi g^{e f} -  1/4 \\partial_{a}(\\phi) \\partial_{b}(g_{d e}) g_{c f} g^{e f} -  1/4 \\partial_{b}(\\phi) \\partial_{a}(g_{c e}) g_{d f} g^{e f} -  1/4 \\partial_{a}(g_{c e}) \\partial_{b}(g_{d f}) \\phi g^{e f} -  1/4 \\partial_{a}(\\phi) \\partial_{d}(\\phi) (\\phi)**(-1) g_{b e} g_{c f} g^{e f} -  1/4 \\partial_{a}(\\phi) \\partial_{d}(g_{b e}) g_{c f} g^{e f} -  1/4 \\partial_{d}(\\phi) \\partial_{a}(g_{c e}) g_{b f} g^{e f} -  1/4 \\partial_{a}(g_{c e}) \\partial_{d}(g_{b f}) \\phi g^{e f} +  1/4 \\partial_{a}(\\phi) \\partial_{e}(\\phi) (\\phi)**(-1) g_{b d} g_{c f} g^{e f} +  1/4 \\partial_{a}(\\phi) \\partial_{e}(g_{b d}) g_{c f} g^{e f} +  1/4 \\partial_{a}(g_{c e}) \\partial_{f}(g_{b d}) \\phi g^{e f} -  1/4 \\partial_{b}(\\phi) \\partial_{c}(\\phi) (\\phi)**(-1) g_{a e} g_{d f} g^{e f} -  1/4 \\partial_{b}(\\phi) \\partial_{c}(g_{a e}) g_{d f} g^{e f} -  1/4 \\partial_{c}(\\phi) \\partial_{b}(g_{d e}) g_{a f} g^{e f} -  1/4 \\partial_{b}(g_{d e}) \\partial_{c}(g_{a f}) \\phi g^{e f} -  1/4 \\partial_{c}(\\phi) \\partial_{d}(g_{b e}) g_{a f} g^{e f} -  1/4 \\partial_{d}(\\phi) \\partial_{c}(g_{a e}) g_{b f} g^{e f} -  1/4 \\partial_{c}(g_{a e}) \\partial_{d}(g_{b f}) \\phi g^{e f} +  1/4 \\partial_{c}(\\phi) \\partial_{e}(\\phi) (\\phi)**(-1) g_{a f} g_{b d} g^{e f} +  1/4 \\partial_{c}(\\phi) \\partial_{e}(g_{b d}) g_{a f} g^{e f} +  1/4 \\partial_{c}(g_{a e}) \\partial_{f}(g_{b d}) \\phi g^{e f} +  1/4 \\partial_{b}(\\phi) \\partial_{e}(\\phi) (\\phi)**(-1) g_{a c} g_{d f} g^{e f} +  1/4 \\partial_{b}(\\phi) \\partial_{e}(g_{a c}) g_{d f} g^{e f} +  1/4 \\partial_{b}(g_{d e}) \\partial_{f}(g_{a c}) \\phi g^{e f} +  1/4 \\partial_{d}(\\phi) \\partial_{e}(\\phi) (\\phi)**(-1) g_{a c} g_{b f} g^{e f} +  1/4 \\partial_{d}(\\phi) \\partial_{e}(g_{a c}) g_{b f} g^{e f} +  1/4 \\partial_{d}(g_{b e}) \\partial_{f}(g_{a c}) \\phi g^{e f} -  1/4 \\partial_{e}(\\phi) \\partial_{f}(\\phi) (\\phi)**(-1) g_{a c} g_{b d} g^{e f} -  1/4 \\partial_{e}(g_{a c}) \\partial_{f}(g_{b d}) \\phi g^{e f} -  1/4 \\partial_{c e}(\\phi) g_{a f} g_{b d} g^{e f} -  1/4 \\partial_{c}(\\phi) \\partial_{e}(g_{a f}) g_{b d} g^{e f} -  1/4 \\partial_{c e}(g_{a f}) \\phi g_{b d} g^{e f} +  1/4 \\partial_{a c}(\\phi) g_{b d} g_{e f} g^{e f} +  1/4 \\partial_{c}(\\phi) \\partial_{a}(g_{e f}) g_{b d} g^{e f} +  1/4 \\partial_{a}(\\phi) \\partial_{c}(g_{e f}) g_{b d} g^{e f} +  1/4 \\partial_{a c}(g_{e f}) \\phi g_{b d} g^{e f} +  1/2 \\partial_{e f}(\\phi) g_{a c} g_{b d} g^{e f} +  1/4 \\partial_{e}(\\phi) \\partial_{f}(g_{a c}) g_{b d} g^{e f} +  1/4 \\partial_{e f}(g_{a c}) \\phi g_{b d} g^{e f} -  1/4 \\partial_{a e}(\\phi) g_{b d} g_{c f} g^{e f} -  1/4 \\partial_{a}(\\phi) \\partial_{e}(g_{c f}) g_{b d} g^{e f} -  1/4 \\partial_{a e}(g_{c f}) \\phi g_{b d} g^{e f} -  1/8 \\partial_{a}(\\phi) \\partial_{c}(\\phi) (\\phi)**(-1) g_{b d} g_{e f} g_{g h} g^{e g} g^{f h} -  1/8 \\partial_{a}(\\phi) \\partial_{c}(g_{e f}) g_{b d} g_{g h} g^{e g} g^{f h} -  1/8 \\partial_{c}(\\phi) \\partial_{a}(g_{e f}) g_{b d} g_{g h} g^{e g} g^{f h} -  1/8 \\partial_{a}(g_{e f}) \\partial_{c}(g_{g h}) \\phi g_{b d} g^{e g} g^{f h} -  1/4 \\partial_{e}(\\phi) \\partial_{f}(\\phi) (\\phi)**(-1) g_{a g} g_{b d} g_{c h} g^{e f} g^{g h} -  1/4 \\partial_{e}(\\phi) \\partial_{f}(g_{c g}) g_{a h} g_{b d} g^{e f} g^{g h} -  1/4 \\partial_{e}(\\phi) \\partial_{f}(g_{a g}) g_{b d} g_{c h} g^{e f} g^{g h} -  1/4 \\partial_{e}(g_{a f}) \\partial_{g}(g_{c h}) \\phi g_{b d} g^{e g} g^{f h} +  1/4 \\partial_{e}(\\phi) \\partial_{f}(\\phi) (\\phi)**(-1) g_{a g} g_{b d} g_{c h} g^{e g} g^{f h} +  1/4 \\partial_{e}(\\phi) \\partial_{f}(g_{c g}) g_{a h} g_{b d} g^{e g} g^{f h} +  1/4 \\partial_{e}(\\phi) \\partial_{f}(g_{a g}) g_{b d} g_{c h} g^{e g} g^{f h} +  1/4 \\partial_{e}(g_{a f}) \\partial_{g}(g_{c h}) \\phi g_{b d} g^{e h} g^{f g} +  1/4 \\partial_{a}(\\phi) \\partial_{e}(\\phi) (\\phi)**(-1) g_{b d} g_{c f} g_{g h} g^{e g} g^{f h} +  1/4 \\partial_{a}(\\phi) \\partial_{e}(g_{f g}) g_{b d} g_{c h} g^{e f} g^{g h} +  1/4 \\partial_{e}(\\phi) \\partial_{a}(g_{c f}) g_{b d} g_{g h} g^{e g} g^{f h} +  1/4 \\partial_{a}(g_{c e}) \\partial_{f}(g_{g h}) \\phi g_{b d} g^{e g} g^{f h} -  1/8 \\partial_{a}(\\phi) \\partial_{e}(\\phi) (\\phi)**(-1) g_{b d} g_{c f} g_{g h} g^{e f} g^{g h} -  1/8 \\partial_{a}(\\phi) \\partial_{e}(g_{f g}) g_{b d} g_{c h} g^{e h} g^{f g} -  1/8 \\partial_{e}(\\phi) \\partial_{a}(g_{c f}) g_{b d} g_{g h} g^{e f} g^{g h} -  1/8 \\partial_{a}(g_{c e}) \\partial_{f}(g_{g h}) \\phi g_{b d} g^{e f} g^{g h} +  1/4 \\partial_{c}(\\phi) \\partial_{e}(\\phi) (\\phi)**(-1) g_{a f} g_{b d} g_{g h} g^{e g} g^{f h} +  1/4 \\partial_{c}(\\phi) \\partial_{e}(g_{f g}) g_{a h} g_{b d} g^{e f} g^{g h} +  1/4 \\partial_{e}(\\phi) \\partial_{c}(g_{a f}) g_{b d} g_{g h} g^{e g} g^{f h} +  1/4 \\partial_{c}(g_{a e}) \\partial_{f}(g_{g h}) \\phi g_{b d} g^{e g} g^{f h} -  1/8 \\partial_{c}(\\phi) \\partial_{e}(\\phi) (\\phi)**(-1) g_{a f} g_{b d} g_{g h} g^{e f} g^{g h} -  1/8 \\partial_{c}(\\phi) \\partial_{e}(g_{f g}) g_{a h} g_{b d} g^{e h} g^{f g} -  1/8 \\partial_{e}(\\phi) \\partial_{c}(g_{a f}) g_{b d} g_{g h} g^{e f} g^{g h} -  1/8 \\partial_{c}(g_{a e}) \\partial_{f}(g_{g h}) \\phi g_{b d} g^{e f} g^{g h} -  1/2 \\partial_{e}(\\phi) \\partial_{f}(\\phi) (\\phi)**(-1) g_{a c} g_{b d} g_{g h} g^{e g} g^{f h} -  1/6 \\partial_{e}(\\phi) \\partial_{f}(g_{g h}) g_{a c} g_{b d} g^{e g} g^{f h} -  1/4 \\partial_{e}(\\phi) \\partial_{f}(g_{a c}) g_{b d} g_{g h} g^{e g} g^{f h} -  1/4 \\partial_{e}(g_{a c}) \\partial_{f}(g_{g h}) \\phi g_{b d} g^{e g} g^{f h} +  1/4 \\partial_{e}(\\phi) \\partial_{f}(\\phi) (\\phi)**(-1) g_{a c} g_{b d} g_{g h} g^{e f} g^{g h} -  1/12 \\partial_{e}(\\phi) \\partial_{f}(g_{g h}) g_{a c} g_{b d} g^{e f} g^{g h} +  1/8 \\partial_{e}(\\phi) \\partial_{f}(g_{a c}) g_{b d} g_{g h} g^{e f} g^{g h} +  1/8 \\partial_{e}(g_{a c}) \\partial_{f}(g_{g h}) \\phi g_{b d} g^{e f} g^{g h} +  1/4 \\partial_{d e}(\\phi) g_{a f} g_{b c} g^{e f} +  1/4 \\partial_{d}(\\phi) \\partial_{e}(g_{a f}) g_{b c} g^{e f} +  1/4 \\partial_{d e}(g_{a f}) \\phi g_{b c} g^{e f} -  1/4 \\partial_{a d}(\\phi) g_{b c} g_{e f} g^{e f} -  1/4 \\partial_{d}(\\phi) \\partial_{a}(g_{e f}) g_{b c} g^{e f} -  1/4 \\partial_{a}(\\phi) \\partial_{d}(g_{e f}) g_{b c} g^{e f} -  1/4 \\partial_{a d}(g_{e f}) \\phi g_{b c} g^{e f} -  1/2 \\partial_{e f}(\\phi) g_{a d} g_{b c} g^{e f} -  1/4 \\partial_{e}(\\phi) \\partial_{f}(g_{a d}) g_{b c} g^{e f} -  1/4 \\partial_{e f}(g_{a d}) \\phi g_{b c} g^{e f} +  1/4 \\partial_{a e}(\\phi) g_{b c} g_{d f} g^{e f} +  1/4 \\partial_{a}(\\phi) \\partial_{e}(g_{d f}) g_{b c} g^{e f} +  1/4 \\partial_{a e}(g_{d f}) \\phi g_{b c} g^{e f} +  1/8 \\partial_{a}(\\phi) \\partial_{d}(\\phi) (\\phi)**(-1) g_{b c} g_{e f} g_{g h} g^{e g} g^{f h} +  1/8 \\partial_{a}(\\phi) \\partial_{d}(g_{e f}) g_{b c} g_{g h} g^{e g} g^{f h} +  1/8 \\partial_{d}(\\phi) \\partial_{a}(g_{e f}) g_{b c} g_{g h} g^{e g} g^{f h} +  1/8 \\partial_{a}(g_{e f}) \\partial_{d}(g_{g h}) \\phi g_{b c} g^{e g} g^{f h} +  1/4 \\partial_{e}(\\phi) \\partial_{f}(\\phi) (\\phi)**(-1) g_{a g} g_{b c} g_{d h} g^{e f} g^{g h} +  1/4 \\partial_{e}(\\phi) \\partial_{f}(g_{d g}) g_{a h} g_{b c} g^{e f} g^{g h} +  1/4 \\partial_{e}(\\phi) \\partial_{f}(g_{a g}) g_{b c} g_{d h} g^{e f} g^{g h} +  1/4 \\partial_{e}(g_{a f}) \\partial_{g}(g_{d h}) \\phi g_{b c} g^{e g} g^{f h} -  1/4 \\partial_{e}(\\phi) \\partial_{f}(\\phi) (\\phi)**(-1) g_{a g} g_{b c} g_{d h} g^{e g} g^{f h} -  1/4 \\partial_{e}(\\phi) \\partial_{f}(g_{d g}) g_{a h} g_{b c} g^{e g} g^{f h} -  1/4 \\partial_{e}(\\phi) \\partial_{f}(g_{a g}) g_{b c} g_{d h} g^{e g} g^{f h} -  1/4 \\partial_{e}(g_{a f}) \\partial_{g}(g_{d h}) \\phi g_{b c} g^{e h} g^{f g} -  1/4 \\partial_{a}(\\phi) \\partial_{e}(\\phi) (\\phi)**(-1) g_{b c} g_{d f} g_{g h} g^{e g} g^{f h} -  1/4 \\partial_{a}(\\phi) \\partial_{e}(g_{f g}) g_{b c} g_{d h} g^{e f} g^{g h} -  1/4 \\partial_{e}(\\phi) \\partial_{a}(g_{d f}) g_{b c} g_{g h} g^{e g} g^{f h} -  1/4 \\partial_{a}(g_{d e}) \\partial_{f}(g_{g h}) \\phi g_{b c} g^{e g} g^{f h} +  1/8 \\partial_{a}(\\phi) \\partial_{e}(\\phi) (\\phi)**(-1) g_{b c} g_{d f} g_{g h} g^{e f} g^{g h} +  1/8 \\partial_{a}(\\phi) \\partial_{e}(g_{f g}) g_{b c} g_{d h} g^{e h} g^{f g} +  1/8 \\partial_{e}(\\phi) \\partial_{a}(g_{d f}) g_{b c} g_{g h} g^{e f} g^{g h} +  1/8 \\partial_{a}(g_{d e}) \\partial_{f}(g_{g h}) \\phi g_{b c} g^{e f} g^{g h} -  1/4 \\partial_{d}(\\phi) \\partial_{e}(\\phi) (\\phi)**(-1) g_{a f} g_{b c} g_{g h} g^{e g} g^{f h} -  1/4 \\partial_{d}(\\phi) \\partial_{e}(g_{f g}) g_{a h} g_{b c} g^{e f} g^{g h} -  1/4 \\partial_{e}(\\phi) \\partial_{d}(g_{a f}) g_{b c} g_{g h} g^{e g} g^{f h} -  1/4 \\partial_{d}(g_{a e}) \\partial_{f}(g_{g h}) \\phi g_{b c} g^{e g} g^{f h} +  1/8 \\partial_{d}(\\phi) \\partial_{e}(\\phi) (\\phi)**(-1) g_{a f} g_{b c} g_{g h} g^{e f} g^{g h} +  1/8 \\partial_{d}(\\phi) \\partial_{e}(g_{f g}) g_{a h} g_{b c} g^{e h} g^{f g} +  1/8 \\partial_{e}(\\phi) \\partial_{d}(g_{a f}) g_{b c} g_{g h} g^{e f} g^{g h} +  1/8 \\partial_{d}(g_{a e}) \\partial_{f}(g_{g h}) \\phi g_{b c} g^{e f} g^{g h} +  1/2 \\partial_{e}(\\phi) \\partial_{f}(\\phi) (\\phi)**(-1) g_{a d} g_{b c} g_{g h} g^{e g} g^{f h} +  1/6 \\partial_{e}(\\phi) \\partial_{f}(g_{g h}) g_{a d} g_{b c} g^{e g} g^{f h} +  1/4 \\partial_{e}(\\phi) \\partial_{f}(g_{a d}) g_{b c} g_{g h} g^{e g} g^{f h} +  1/4 \\partial_{e}(g_{a d}) \\partial_{f}(g_{g h}) \\phi g_{b c} g^{e g} g^{f h} -  1/4 \\partial_{e}(\\phi) \\partial_{f}(\\phi) (\\phi)**(-1) g_{a d} g_{b c} g_{g h} g^{e f} g^{g h} +  1/12 \\partial_{e}(\\phi) \\partial_{f}(g_{g h}) g_{a d} g_{b c} g^{e f} g^{g h} -  1/8 \\partial_{e}(\\phi) \\partial_{f}(g_{a d}) g_{b c} g_{g h} g^{e f} g^{g h} -  1/8 \\partial_{e}(g_{a d}) \\partial_{f}(g_{g h}) \\phi g_{b c} g^{e f} g^{g h} -  1/4 \\partial_{d e}(\\phi) g_{a c} g_{b f} g^{e f} -  1/4 \\partial_{d}(\\phi) \\partial_{e}(g_{b f}) g_{a c} g^{e f} -  1/4 \\partial_{d e}(g_{b f}) \\phi g_{a c} g^{e f} +  1/4 \\partial_{b d}(\\phi) g_{a c} g_{e f} g^{e f} +  1/4 \\partial_{d}(\\phi) \\partial_{b}(g_{e f}) g_{a c} g^{e f} +  1/4 \\partial_{b}(\\phi) \\partial_{d}(g_{e f}) g_{a c} g^{e f} +  1/4 \\partial_{b d}(g_{e f}) \\phi g_{a c} g^{e f} +  1/4 \\partial_{e}(\\phi) \\partial_{f}(g_{b d}) g_{a c} g^{e f} +  1/4 \\partial_{e f}(g_{b d}) \\phi g_{a c} g^{e f} -  1/4 \\partial_{b e}(\\phi) g_{a c} g_{d f} g^{e f} -  1/4 \\partial_{b}(\\phi) \\partial_{e}(g_{d f}) g_{a c} g^{e f} -  1/4 \\partial_{b e}(g_{d f}) \\phi g_{a c} g^{e f} -  1/8 \\partial_{b}(\\phi) \\partial_{d}(\\phi) (\\phi)**(-1) g_{a c} g_{e f} g_{g h} g^{e g} g^{f h} -  1/8 \\partial_{b}(\\phi) \\partial_{d}(g_{e f}) g_{a c} g_{g h} g^{e g} g^{f h} -  1/8 \\partial_{d}(\\phi) \\partial_{b}(g_{e f}) g_{a c} g_{g h} g^{e g} g^{f h} -  1/8 \\partial_{b}(g_{e f}) \\partial_{d}(g_{g h}) \\phi g_{a c} g^{e g} g^{f h} -  1/4 \\partial_{e}(\\phi) \\partial_{f}(\\phi) (\\phi)**(-1) g_{a c} g_{b g} g_{d h} g^{e f} g^{g h} -  1/4 \\partial_{e}(\\phi) \\partial_{f}(g_{d g}) g_{a c} g_{b h} g^{e f} g^{g h} -  1/4 \\partial_{e}(\\phi) \\partial_{f}(g_{b g}) g_{a c} g_{d h} g^{e f} g^{g h} -  1/4 \\partial_{e}(g_{b f}) \\partial_{g}(g_{d h}) \\phi g_{a c} g^{e g} g^{f h} +  1/4 \\partial_{e}(\\phi) \\partial_{f}(\\phi) (\\phi)**(-1) g_{a c} g_{b g} g_{d h} g^{e g} g^{f h} +  1/4 \\partial_{e}(\\phi) \\partial_{f}(g_{d g}) g_{a c} g_{b h} g^{e g} g^{f h} +  1/4 \\partial_{e}(\\phi) \\partial_{f}(g_{b g}) g_{a c} g_{d h} g^{e g} g^{f h} +  1/4 \\partial_{e}(g_{b f}) \\partial_{g}(g_{d h}) \\phi g_{a c} g^{e h} g^{f g} +  1/4 \\partial_{b}(\\phi) \\partial_{e}(\\phi) (\\phi)**(-1) g_{a c} g_{d f} g_{g h} g^{e g} g^{f h} +  1/4 \\partial_{b}(\\phi) \\partial_{e}(g_{f g}) g_{a c} g_{d h} g^{e f} g^{g h} +  1/4 \\partial_{e}(\\phi) \\partial_{b}(g_{d f}) g_{a c} g_{g h} g^{e g} g^{f h} +  1/4 \\partial_{b}(g_{d e}) \\partial_{f}(g_{g h}) \\phi g_{a c} g^{e g} g^{f h} -  1/8 \\partial_{b}(\\phi) \\partial_{e}(\\phi) (\\phi)**(-1) g_{a c} g_{d f} g_{g h} g^{e f} g^{g h} -  1/8 \\partial_{b}(\\phi) \\partial_{e}(g_{f g}) g_{a c} g_{d h} g^{e h} g^{f g} -  1/8 \\partial_{e}(\\phi) \\partial_{b}(g_{d f}) g_{a c} g_{g h} g^{e f} g^{g h} -  1/8 \\partial_{b}(g_{d e}) \\partial_{f}(g_{g h}) \\phi g_{a c} g^{e f} g^{g h} +  1/4 \\partial_{d}(\\phi) \\partial_{e}(\\phi) (\\phi)**(-1) g_{a c} g_{b f} g_{g h} g^{e g} g^{f h} +  1/4 \\partial_{d}(\\phi) \\partial_{e}(g_{f g}) g_{a c} g_{b h} g^{e f} g^{g h} +  1/4 \\partial_{e}(\\phi) \\partial_{d}(g_{b f}) g_{a c} g_{g h} g^{e g} g^{f h} +  1/4 \\partial_{d}(g_{b e}) \\partial_{f}(g_{g h}) \\phi g_{a c} g^{e g} g^{f h} -  1/8 \\partial_{d}(\\phi) \\partial_{e}(\\phi) (\\phi)**(-1) g_{a c} g_{b f} g_{g h} g^{e f} g^{g h} -  1/8 \\partial_{d}(\\phi) \\partial_{e}(g_{f g}) g_{a c} g_{b h} g^{e h} g^{f g} -  1/8 \\partial_{e}(\\phi) \\partial_{d}(g_{b f}) g_{a c} g_{g h} g^{e f} g^{g h} -  1/8 \\partial_{d}(g_{b e}) \\partial_{f}(g_{g h}) \\phi g_{a c} g^{e f} g^{g h} -  1/4 \\partial_{e}(\\phi) \\partial_{f}(g_{b d}) g_{a c} g_{g h} g^{e g} g^{f h} -  1/4 \\partial_{e}(g_{b d}) \\partial_{f}(g_{g h}) \\phi g_{a c} g^{e g} g^{f h} +  1/8 \\partial_{e}(\\phi) \\partial_{f}(g_{b d}) g_{a c} g_{g h} g^{e f} g^{g h} +  1/8 \\partial_{e}(g_{b d}) \\partial_{f}(g_{g h}) \\phi g_{a c} g^{e f} g^{g h} +  1/4 \\partial_{c e}(\\phi) g_{a d} g_{b f} g^{e f} +  1/4 \\partial_{c}(\\phi) \\partial_{e}(g_{b f}) g_{a d} g^{e f} +  1/4 \\partial_{c e}(g_{b f}) \\phi g_{a d} g^{e f} -  1/4 \\partial_{b c}(\\phi) g_{a d} g_{e f} g^{e f} -  1/4 \\partial_{c}(\\phi) \\partial_{b}(g_{e f}) g_{a d} g^{e f} -  1/4 \\partial_{b}(\\phi) \\partial_{c}(g_{e f}) g_{a d} g^{e f} -  1/4 \\partial_{b c}(g_{e f}) \\phi g_{a d} g^{e f} -  1/4 \\partial_{e}(\\phi) \\partial_{f}(g_{b c}) g_{a d} g^{e f} -  1/4 \\partial_{e f}(g_{b c}) \\phi g_{a d} g^{e f} +  1/4 \\partial_{b e}(\\phi) g_{a d} g_{c f} g^{e f} +  1/4 \\partial_{b}(\\phi) \\partial_{e}(g_{c f}) g_{a d} g^{e f} +  1/4 \\partial_{b e}(g_{c f}) \\phi g_{a d} g^{e f} +  1/8 \\partial_{b}(\\phi) \\partial_{c}(\\phi) (\\phi)**(-1) g_{a d} g_{e f} g_{g h} g^{e g} g^{f h} +  1/8 \\partial_{b}(\\phi) \\partial_{c}(g_{e f}) g_{a d} g_{g h} g^{e g} g^{f h} +  1/8 \\partial_{c}(\\phi) \\partial_{b}(g_{e f}) g_{a d} g_{g h} g^{e g} g^{f h} +  1/8 \\partial_{b}(g_{e f}) \\partial_{c}(g_{g h}) \\phi g_{a d} g^{e g} g^{f h} +  1/4 \\partial_{e}(\\phi) \\partial_{f}(\\phi) (\\phi)**(-1) g_{a d} g_{b g} g_{c h} g^{e f} g^{g h} +  1/4 \\partial_{e}(\\phi) \\partial_{f}(g_{c g}) g_{a d} g_{b h} g^{e f} g^{g h} +  1/4 \\partial_{e}(\\phi) \\partial_{f}(g_{b g}) g_{a d} g_{c h} g^{e f} g^{g h} +  1/4 \\partial_{e}(g_{b f}) \\partial_{g}(g_{c h}) \\phi g_{a d} g^{e g} g^{f h} -  1/4 \\partial_{e}(\\phi) \\partial_{f}(\\phi) (\\phi)**(-1) g_{a d} g_{b g} g_{c h} g^{e g} g^{f h} -  1/4 \\partial_{e}(\\phi) \\partial_{f}(g_{c g}) g_{a d} g_{b h} g^{e g} g^{f h} -  1/4 \\partial_{e}(\\phi) \\partial_{f}(g_{b g}) g_{a d} g_{c h} g^{e g} g^{f h} -  1/4 \\partial_{e}(g_{b f}) \\partial_{g}(g_{c h}) \\phi g_{a d} g^{e h} g^{f g} -  1/4 \\partial_{b}(\\phi) \\partial_{e}(\\phi) (\\phi)**(-1) g_{a d} g_{c f} g_{g h} g^{e g} g^{f h} -  1/4 \\partial_{b}(\\phi) \\partial_{e}(g_{f g}) g_{a d} g_{c h} g^{e f} g^{g h} -  1/4 \\partial_{e}(\\phi) \\partial_{b}(g_{c f}) g_{a d} g_{g h} g^{e g} g^{f h} -  1/4 \\partial_{b}(g_{c e}) \\partial_{f}(g_{g h}) \\phi g_{a d} g^{e g} g^{f h} +  1/8 \\partial_{b}(\\phi) \\partial_{e}(\\phi) (\\phi)**(-1) g_{a d} g_{c f} g_{g h} g^{e f} g^{g h} +  1/8 \\partial_{b}(\\phi) \\partial_{e}(g_{f g}) g_{a d} g_{c h} g^{e h} g^{f g} +  1/8 \\partial_{e}(\\phi) \\partial_{b}(g_{c f}) g_{a d} g_{g h} g^{e f} g^{g h} +  1/8 \\partial_{b}(g_{c e}) \\partial_{f}(g_{g h}) \\phi g_{a d} g^{e f} g^{g h} -  1/4 \\partial_{c}(\\phi) \\partial_{e}(\\phi) (\\phi)**(-1) g_{a d} g_{b f} g_{g h} g^{e g} g^{f h} -  1/4 \\partial_{c}(\\phi) \\partial_{e}(g_{f g}) g_{a d} g_{b h} g^{e f} g^{g h} -  1/4 \\partial_{e}(\\phi) \\partial_{c}(g_{b f}) g_{a d} g_{g h} g^{e g} g^{f h} -  1/4 \\partial_{c}(g_{b e}) \\partial_{f}(g_{g h}) \\phi g_{a d} g^{e g} g^{f h} +  1/8 \\partial_{c}(\\phi) \\partial_{e}(\\phi) (\\phi)**(-1) g_{a d} g_{b f} g_{g h} g^{e f} g^{g h} +  1/8 \\partial_{c}(\\phi) \\partial_{e}(g_{f g}) g_{a d} g_{b h} g^{e h} g^{f g} +  1/8 \\partial_{e}(\\phi) \\partial_{c}(g_{b f}) g_{a d} g_{g h} g^{e f} g^{g h} +  1/8 \\partial_{c}(g_{b e}) \\partial_{f}(g_{g h}) \\phi g_{a d} g^{e f} g^{g h} +  1/4 \\partial_{e}(\\phi) \\partial_{f}(g_{b c}) g_{a d} g_{g h} g^{e g} g^{f h} +  1/4 \\partial_{e}(g_{b c}) \\partial_{f}(g_{g h}) \\phi g_{a d} g^{e g} g^{f h} -  1/8 \\partial_{e}(\\phi) \\partial_{f}(g_{b c}) g_{a d} g_{g h} g^{e f} g^{g h} -  1/8 \\partial_{e}(g_{b c}) \\partial_{f}(g_{g h}) \\phi g_{a d} g^{e f} g^{g h} +  1/6 \\partial_{e f}(\\phi) g_{a c} g_{b d} g_{g h} g^{e g} g^{f h} +  1/6 \\partial_{e f}(g_{g h}) \\phi g_{a c} g_{b d} g^{e g} g^{f h} -  1/6 \\partial_{e f}(\\phi) g_{a d} g_{b c} g_{g h} g^{e g} g^{f h} -  1/6 \\partial_{e f}(g_{g h}) \\phi g_{a d} g_{b c} g^{e g} g^{f h} -  1/6 \\partial_{e f}(\\phi) g_{a c} g_{b d} g_{g h} g^{e f} g^{g h} -  1/6 \\partial_{e f}(g_{g h}) \\phi g_{a c} g_{b d} g^{e f} g^{g h} +  1/6 \\partial_{e f}(\\phi) g_{a d} g_{b c} g_{g h} g^{e f} g^{g h} +  1/6 \\partial_{e f}(g_{g h}) \\phi g_{a d} g_{b c} g^{e f} g^{g h} -  1/4 \\partial_{e}(\\phi) \\partial_{f}(\\phi) (\\phi)**(-1) g_{a c} g_{b d} g_{g h} g_{i j} g^{e g} g^{f i} g^{h j} -  1/6 \\partial_{e}(\\phi) \\partial_{f}(g_{g h}) g_{a c} g_{b d} g_{i j} g^{e g} g^{f i} g^{h j} -  1/12 \\partial_{e}(g_{f g}) \\partial_{h}(g_{i j}) \\phi g_{a c} g_{b d} g^{e i} g^{f h} g^{g j} +  1/4 \\partial_{e}(\\phi) \\partial_{f}(\\phi) (\\phi)**(-1) g_{a d} g_{b c} g_{g h} g_{i j} g^{e g} g^{f i} g^{h j} +  1/6 \\partial_{e}(\\phi) \\partial_{f}(g_{g h}) g_{a d} g_{b c} g_{i j} g^{e g} g^{f i} g^{h j} +  1/12 \\partial_{e}(g_{f g}) \\partial_{h}(g_{i j}) \\phi g_{a d} g_{b c} g^{e i} g^{f h} g^{g j} +  1/8 \\partial_{e}(\\phi) \\partial_{f}(\\phi) (\\phi)**(-1) g_{a c} g_{b d} g_{g h} g_{i j} g^{e f} g^{g i} g^{h j} +  1/4 \\partial_{e}(\\phi) \\partial_{f}(g_{g h}) g_{a c} g_{b d} g_{i j} g^{e f} g^{g i} g^{h j} +  1/8 \\partial_{e}(g_{f g}) \\partial_{h}(g_{i j}) \\phi g_{a c} g_{b d} g^{e h} g^{f i} g^{g j} -  1/8 \\partial_{e}(\\phi) \\partial_{f}(\\phi) (\\phi)**(-1) g_{a d} g_{b c} g_{g h} g_{i j} g^{e f} g^{g i} g^{h j} -  1/4 \\partial_{e}(\\phi) \\partial_{f}(g_{g h}) g_{a d} g_{b c} g_{i j} g^{e f} g^{g i} g^{h j} -  1/8 \\partial_{e}(g_{f g}) \\partial_{h}(g_{i j}) \\phi g_{a d} g_{b c} g^{e h} g^{f i} g^{g j} -  1/3 \\partial_{e}(\\phi) \\partial_{f}(g_{g h}) g_{a c} g_{b d} g_{i j} g^{e i} g^{f g} g^{h j} -  1/6 \\partial_{e}(g_{f g}) \\partial_{h}(g_{i j}) \\phi g_{a c} g_{b d} g^{e f} g^{g i} g^{h j} +  1/3 \\partial_{e}(\\phi) \\partial_{f}(g_{g h}) g_{a d} g_{b c} g_{i j} g^{e i} g^{f g} g^{h j} +  1/6 \\partial_{e}(g_{f g}) \\partial_{h}(g_{i j}) \\phi g_{a d} g_{b c} g^{e f} g^{g i} g^{h j} +  1/6 \\partial_{e}(\\phi) \\partial_{f}(\\phi) (\\phi)**(-1) g_{a c} g_{b d} g_{g h} g_{i j} g^{e g} g^{f h} g^{i j} +  1/6 \\partial_{e}(\\phi) \\partial_{f}(g_{g h}) g_{a c} g_{b d} g_{i j} g^{e i} g^{f j} g^{g h} +  1/6 \\partial_{e}(\\phi) \\partial_{f}(g_{g h}) g_{a c} g_{b d} g_{i j} g^{e g} g^{f h} g^{i j} +  1/6 \\partial_{e}(g_{f g}) \\partial_{h}(g_{i j}) \\phi g_{a c} g_{b d} g^{e f} g^{g h} g^{i j} -  1/6 \\partial_{e}(\\phi) \\partial_{f}(\\phi) (\\phi)**(-1) g_{a d} g_{b c} g_{g h} g_{i j} g^{e g} g^{f h} g^{i j} -  1/6 \\partial_{e}(\\phi) \\partial_{f}(g_{g h}) g_{a d} g_{b c} g_{i j} g^{e i} g^{f j} g^{g h} -  1/6 \\partial_{e}(\\phi) \\partial_{f}(g_{g h}) g_{a d} g_{b c} g_{i j} g^{e g} g^{f h} g^{i j} -  1/6 \\partial_{e}(g_{f g}) \\partial_{h}(g_{i j}) \\phi g_{a d} g_{b c} g^{e f} g^{g h} g^{i j} -  1/24 \\partial_{e}(\\phi) \\partial_{f}(\\phi) (\\phi)**(-1) g_{a c} g_{b d} g_{g h} g_{i j} g^{e f} g^{g h} g^{i j} -  1/12 \\partial_{e}(\\phi) \\partial_{f}(g_{g h}) g_{a c} g_{b d} g_{i j} g^{e f} g^{g h} g^{i j} -  1/24 \\partial_{e}(g_{f g}) \\partial_{h}(g_{i j}) \\phi g_{a c} g_{b d} g^{e h} g^{f g} g^{i j} +  1/24 \\partial_{e}(\\phi) \\partial_{f}(\\phi) (\\phi)**(-1) g_{a d} g_{b c} g_{g h} g_{i j} g^{e f} g^{g h} g^{i j} +  1/12 \\partial_{e}(\\phi) \\partial_{f}(g_{g h}) g_{a d} g_{b c} g_{i j} g^{e f} g^{g h} g^{i j} +  1/24 \\partial_{e}(g_{f g}) \\partial_{h}(g_{i j}) \\phi g_{a d} g_{b c} g^{e h} g^{f g} g^{i j}"
}
